// Vitest Snapshot v1, https://vitest.dev/guide/snapshot.html

exports[`getRequestData > parses non-json request bodies 1`] = `
[
  {
    "heading": {
      "slug": "test-prefix_path-parameters",
      "text": "Path Parameters",
    },
    "propertyDetails": [
      {
        "description": "<p>ID of pet to update</p>",
        "isRequired": true,
        "name": "petId",
        "nestedProperties": [],
        "slug": "test-prefix_path-parameters_petId",
        "type": "integer",
      },
    ],
  },
  {
    "heading": {
      "slug": "test-prefix_query-parameters",
      "text": "Query Parameters",
    },
    "propertyDetails": [
      {
        "description": "<p>Additional Metadata</p>",
        "isRequired": false,
        "name": "additionalMetadata",
        "nestedProperties": [],
        "slug": "test-prefix_query-parameters_additionalMetadata",
        "type": "string",
      },
    ],
  },
  {
    "heading": {
      "slug": "test-prefix_body-parameters",
      "text": "Body Parameters",
    },
    "propertyDetails": [
      {
        "description": "binary",
        "isRequired": "false",
        "name": "application/octet-stream",
        "nestedProperties": [],
        "slug": "test-prefix_body-parameters",
        "type": "string",
      },
    ],
  },
]
`;
