// Jest Snapshot v1, https://goo.gl/fbAQLP

exports[`getResponseData parses multiple response definitions for single response code 1`] = `
Array [
  Object {
    "heading": Object {
      "slug": "test-prefix_200",
      "text": "200 -  OK",
      "theme": "success",
    },
    "propertyDetails": Array [
      Object {
        "description": "",
        "isRequired": false,
        "name": "id",
        "nestedProperties": Array [],
        "slug": "test-prefix_200_id",
        "type": "integer",
      },
      Object {
        "description": "",
        "isRequired": true,
        "name": "name",
        "nestedProperties": Array [],
        "slug": "test-prefix_200_name",
        "type": "string",
      },
      Object {
        "description": "",
        "isRequired": false,
        "name": "category",
        "nestedProperties": Array [
          Object {
            "description": "",
            "isRequired": false,
            "name": "id",
            "nestedProperties": Array [],
            "slug": "test-prefix_200_category.id",
            "type": "integer",
          },
          Object {
            "description": "",
            "isRequired": false,
            "name": "name",
            "nestedProperties": Array [],
            "slug": "test-prefix_200_category.name",
            "type": "string",
          },
        ],
        "slug": "test-prefix_200_category",
        "type": "object",
      },
      Object {
        "description": "",
        "isRequired": true,
        "name": "photoUrls",
        "nestedProperties": Array [],
        "slug": "test-prefix_200_photoUrls",
        "type": "string[]",
      },
      Object {
        "description": "",
        "isRequired": false,
        "name": "tags",
        "nestedProperties": Array [
          Object {
            "description": "",
            "isRequired": false,
            "name": "id",
            "nestedProperties": Array [],
            "slug": "test-prefix_200_tags-array.id",
            "type": "integer",
          },
          Object {
            "description": "",
            "isRequired": false,
            "name": "name",
            "nestedProperties": Array [],
            "slug": "test-prefix_200_tags-array.name",
            "type": "string",
          },
        ],
        "slug": "test-prefix_200_tags",
        "type": "object[]",
      },
      Object {
        "description": "<p>pet status in the store</p>",
        "isRequired": false,
        "name": "status",
        "nestedProperties": Array [],
        "slug": "test-prefix_200_status",
        "type": "string",
      },
    ],
  },
]
`;
